[webtendtheme.net/html/2024/akpager_landing_html/index.html]
[backblue.gif]
[fade.gif]
[index.html]
[webtendtheme.net/html/2024/akpager_landing_html/assets/img/favicon.png]
[webtendtheme.net/html/2024/akpager_landing_html/assets/css/fontawesome.5.9.0.min.css]
[webtendtheme.net/html/2024/akpager_landing_html/assets/css/animate.min.css]
[webtendtheme.net/html/2024/akpager_landing_html/assets/css/bootstrap.min.css]
[webtendtheme.net/html/2024/akpager_landing_html/assets/css/spacing.min.css]
[webtendtheme.net/html/2024/akpager_landing_html/assets/css/slick.min.css]
[webtendtheme.net/html/2024/akpager_landing_html/assets/css/menu.css]
[webtendtheme.net/html/2024/akpager_landing_html/assets/css/style.css]
[webtendtheme.net/html/2024/akpager_landing_html/assets/css/responsive.css]
[webtendtheme.net/html/2024/akpager_landing_html/assets/img/preloader.png]
[webtendtheme.net/html/2024/akpager_landing_html/assets/img/logo.png]
[webtendtheme.net/html/2024/akpager_landing_html/assets/img/hero/hero1.jpg]
[webtendtheme.net/html/2024/akpager_landing_html/assets/img/hero/hero2.jpg]
[webtendtheme.net/html/2024/akpager_landing_html/assets/img/hero/hero3.png]
[webtendtheme.net/html/2024/akpager_landing_html/assets/img/hero/hero4.jpg]
[webtendtheme.net/html/2024/akpager_landing_html/assets/img/hero/hero5.jpg]
[webtendtheme.net/html/2024/akpager_landing_html/assets/img/hero/circle-one.png]
[webtendtheme.net/html/2024/akpager_landing_html/assets/img/hero/wave-one.png]
[webtendtheme.net/html/2024/akpager_landing_html/assets/img/hero/circle-two.png]
[webtendtheme.net/html/2024/akpager_landing_html/assets/img/hero/wave-two.png]
[webtendtheme.net/html/2024/akpager_landing_html/assets/img/hp/hp1.png]
[webtendtheme.net/html/2024/akpager_landing_html/assets/img/hp/hp2.png]
[webtendtheme.net/html/2024/akpager_landing_html/assets/img/hp/hp3.png]
[webtendtheme.net/html/2024/akpager_landing_html/assets/img/hp/hp4.png]
[webtendtheme.net/html/2024/akpager_landing_html/assets/img/hp/hp5.png]
[webtendtheme.net/html/2024/akpager_landing_html/assets/img/hp/hp6.png]
[webtendtheme.net/html/2024/akpager_landing_html/assets/img/hp/hp7.png]
[webtendtheme.net/html/2024/akpager_landing_html/assets/img/hp/hp8.png]
[webtendtheme.net/html/2024/akpager_landing_html/assets/img/hp/hp9.png]
[webtendtheme.net/html/2024/akpager_landing_html/assets/img/hp/hp10.png]
[webtendtheme.net/html/2024/akpager_landing_html/assets/img/inner/inner-pages-bg.png]
[webtendtheme.net/html/2024/akpager_landing_html/assets/img/inner/ip1.jpg]
[webtendtheme.net/html/2024/akpager_landing_html/assets/img/inner/ip2.jpg]
[webtendtheme.net/html/2024/akpager_landing_html/assets/img/inner/ip3.jpg]
[webtendtheme.net/html/2024/akpager_landing_html/assets/img/inner/ip4.jpg]
[webtendtheme.net/html/2024/akpager_landing_html/assets/img/responsive/responsive-devices.png]
[webtendtheme.net/html/2024/akpager_landing_html/assets/img/responsive/circle.png]
[webtendtheme.net/html/2024/akpager_landing_html/assets/img/features/icon1.png]
[webtendtheme.net/html/2024/akpager_landing_html/assets/img/features/icon2.png]
[webtendtheme.net/html/2024/akpager_landing_html/assets/img/features/icon3.png]
[webtendtheme.net/html/2024/akpager_landing_html/assets/img/features/icon4.png]
[webtendtheme.net/html/2024/akpager_landing_html/assets/img/features/icon5.png]
[webtendtheme.net/html/2024/akpager_landing_html/assets/img/features/icon6.png]
[webtendtheme.net/html/2024/akpager_landing_html/assets/img/features/icon7.png]
[webtendtheme.net/html/2024/akpager_landing_html/assets/img/features/icon8.png]
[webtendtheme.net/html/2024/akpager_landing_html/assets/img/features/icon9.png]
[webtendtheme.net/html/2024/akpager_landing_html/assets/img/features/icon10.png]
[webtendtheme.net/html/2024/akpager_landing_html/assets/img/features/icon11.png]
[webtendtheme.net/html/2024/akpager_landing_html/assets/img/features/icon12.png]
[webtendtheme.net/html/2024/akpager_landing_html/assets/img/features/dots-white.png]
[webtendtheme.net/html/2024/akpager_landing_html/assets/img/features/dots-blue.png]
[webtendtheme.net/html/2024/akpager_landing_html/assets/img/footer/footer-icon.png]
[webtendtheme.net/html/2024/akpager_landing_html/assets/img/footer/shape-one.png]
[webtendtheme.net/html/2024/akpager_landing_html/assets/img/footer/shape-two.png]
[webtendtheme.net/html/2024/akpager_landing_html/assets/js/jquery.min.js]
[webtendtheme.net/html/2024/akpager_landing_html/assets/js/bootstrap.min.js]
[webtendtheme.net/html/2024/akpager_landing_html/assets/js/parallax.min.js]
[webtendtheme.net/html/2024/akpager_landing_html/assets/js/slick.min.js]
[webtendtheme.net/html/2024/akpager_landing_html/assets/js/wow.min.js]
[webtendtheme.net/html/2024/akpager_landing_html/index.html]
[webtendtheme.net/html/2024/akpager_landing_html/assets/js/main.js]
[webtendtheme.net/html/2024/akpager_landing_html/assets/fonts/fa-brands-400.eot]
[webtendtheme.net/html/2024/akpager_landing_html/assets/fonts/fa-brands-400.woff2]
[webtendtheme.net/html/2024/akpager_landing_html/assets/fonts/fa-brands-400d41d.eot]
[webtendtheme.net/html/2024/akpager_landing_html/assets/fonts/fa-brands-400.woff]
[webtendtheme.net/html/2024/akpager_landing_html/assets/fonts/fa-brands-400.ttf]
[webtendtheme.net/html/2024/akpager_landing_html/assets/fonts/fa-brands-400.svg]
[webtendtheme.net/html/2024/akpager_landing_html/assets/fonts/fa-regular-400.eot]
[webtendtheme.net/html/2024/akpager_landing_html/assets/fonts/fa-regular-400d41d.eot]
[webtendtheme.net/html/2024/akpager_landing_html/assets/fonts/fa-regular-400.woff2]
[webtendtheme.net/html/2024/akpager_landing_html/assets/fonts/fa-regular-400.woff]
[webtendtheme.net/html/2024/akpager_landing_html/assets/fonts/fa-regular-400.ttf]
[webtendtheme.net/html/2024/akpager_landing_html/assets/fonts/fa-regular-400.svg]
[webtendtheme.net/html/2024/akpager_landing_html/assets/fonts/fa-solid-900.eot]
[webtendtheme.net/html/2024/akpager_landing_html/assets/fonts/fa-solid-900.woff2]
[webtendtheme.net/html/2024/akpager_landing_html/assets/fonts/fa-solid-900.woff]
[webtendtheme.net/html/2024/akpager_landing_html/assets/fonts/fa-solid-900.ttf]
[webtendtheme.net/html/2024/akpager_landing_html/assets/css/fontawesome.5.9.0.min.css]
[webtendtheme.net/html/2024/akpager_landing_html/assets/css/animate.min.css]
[webtendtheme.net/html/2024/akpager_landing_html/assets/css/bootstrap.min.css]
[webtendtheme.net/html/2024/akpager_landing_html/assets/css/spacing.min.css]
[webtendtheme.net/html/2024/akpager_landing_html/assets/css/slick.min.css]
[webtendtheme.net/html/2024/akpager_landing_html/assets/css/menu.css]
[webtendtheme.net/html/2024/akpager_landing_html/assets/css/style.css]
[webtendtheme.net/html/2024/akpager_landing_html/assets/css/responsive.css]
[webtendtheme.net/html/2024/akpager_landing_html/assets/js/jquery.min.js]
[webtendtheme.net/html/2024/akpager_landing_html/assets/js/bootstrap.min.js]
[webtendtheme.net/html/2024/akpager_landing_html/assets/js/parallax.min.js]
[webtendtheme.net/html/2024/akpager_landing_html/assets/js/slick.min.js]
[webtendtheme.net/html/2024/akpager_landing_html/assets/js/wow.min.js]
[webtendtheme.net/html/2024/akpager_landing_html/assets/js/main.js]
[webtendtheme.net/html/2024/akpager_landing_html/assets/fonts/fa-brands-400.svg]
[webtendtheme.net/html/2024/akpager_landing_html/assets/fonts/fa-regular-400.svg]
[webtendtheme.net/html/2024/akpager_landing_html/assets/fonts/fa-solid-900.svg]
[webtendtheme.net/html/2024/akpager_landing_html/assets/fonts/fa-solid-900d41d.eot]
[webtendtheme.net/html/2024/akpager_landing_html/assets/fonts/fa-solid-900.svg]
